ASxxxx Linker V03.00 + NoICE + sdld,  page 1.
Hexadecimal  [32-Bits]

Area                                    Addr        Size        Decimal Bytes (Attributes)
--------------------------------        ----        ----        ------- ----- ------------
.  .ABS.                            00000000    00000000 =           0. bytes (ABS,CON)

      Value  Global                              Global Defined In Module
      -----  --------------------------------   ------------------------
     00000000  .__.ABS.                           cpct_video
     00000000  l__DATA                         
     00000003  max_entities                       Entity_Manager
     00000007  _entity_size                       Entity_Manager
     0000018B  l__CODE                         
     00004000  s__CODE                         
     0000418B  s__DATA                         

ASxxxx Linker V03.00 + NoICE + sdld,  page 2.
Hexadecimal  [32-Bits]

Area                                    Addr        Size        Decimal Bytes (Attributes)
--------------------------------        ----        ----        ------- ----- ------------
_CODE                               00004000    0000018B =         395. bytes (REL,CON)

      Value  Global                              Global Defined In Module
      -----  --------------------------------   ------------------------
     00004000  _num_entities                      Entity_Manager
     00004001  _last_entity_ptr                   Entity_Manager
     00004003  _entity_array                      Entity_Manager
     00004018  entity_man_init                    Entity_Manager
     00004023  entity_man_new                     Entity_Manager
     00004034  entity_man_create                  Entity_Manager
     00004040  entity_man_getArray                Entity_Manager
     00004048  player                             gameManager
     0000404F  enemy1                             gameManager
     00004056  game_man_init                      gameManager
     00004069  game_man_update                    gameManager
     0000406D  game_man_render                    gameManager
     00004074  _main                              cpct_keyboard
     00004085  render_sys_init                    render_system
     00004086  render_sys_update                  render_system
     000040AA  _cpct_waitVSYNC                    cpct_video
     000040AA  cpct_waitVSYNC_asm                 cpct_video
     000040B2  _cpct_disableFirmware              cpct_firmware
     000040B2  _cpct_removeInterruptHandler       cpct_firmware
     000040B2  cpct_disableFirmware_asm           cpct_firmware
     000040B2  cpct_removeInterruptHandler_asm    cpct_firmware
     000040C2  cpct_drawSolidBox_asm              cpct_sprites
     0000416E  _cpct_mode_rom_status              cpct_firmware
     0000416F  cpct_getScreenPtr_asm              cpct_video
ASxxxx Linker V03.00 + NoICE + sdld,  page 3.

Files Linked                              [ module(s) ]

obj/cpctelera_functions.h.rel             [  ]
obj/entity_manager.rel                    [ Entity_Manager ]
obj/game_manager.rel                      [ gameManager ]
obj/game_manager.h.rel                    [  ]
obj/entity_manager.h.rel                  [  ]
obj/main.rel                              [ cpct_keyboard ]
obj/render_system.rel                     [ render_system ]
obj/render_system.h.rel                   [  ]


Libraries Linked                          [ object file ]

/home/irene/Desktop/cpctelera/cpctelera/cpctelera.lib
                                          [ cpct_waitVSYNC.rel ]
/home/irene/Desktop/cpctelera/cpctelera/cpctelera.lib
                                          [ cpct_removeInterruptHandler.rel ]
/home/irene/Desktop/cpctelera/cpctelera/cpctelera.lib
                                          [ cpct_drawSolidBox_asmbindings.re ]
/home/irene/Desktop/cpctelera/cpctelera/cpctelera.lib
                                          [ cpc_mode_rom_status.rel ]
/home/irene/Desktop/cpctelera/cpctelera/cpctelera.lib
                                          [ cpct_getScreenPtr_asmbindings.re ]

ASxxxx Linker V03.00 + NoICE + sdld,  page 4.

User Base Address Definitions

_CODE = 0x4000
_DATA = 0x0000

